%!Adobe-FontList 1.14
%Locale:0x409

%BeginFont
Handler:DirectoryHandler
FontType:Type1
FontName:Museo-500
FamilyName:Museo
StyleName:500
MenuName:Museo 500
StyleBits:0
WeightClass:400
WidthClass:5
AngleClass:0
FullName:Museo 500
WritingScript:Roman
OutlineFileName:\Museo500-Regular.otf
DataFormat:sfntData
UsesStandardEncoding:yes
isCFF:yes
FileLength:128172
FileModTime:1215150785
%EndFont

%BeginFont
Handler:DirectoryHandler
FontType:Type1
FontName:SanukTF-Bold
FamilyName:SanukTF-Bold
StyleName:Regular
MenuName:SanukTF-Bold
StyleBits:2
WeightClass:500
WidthClass:5
AngleClass:0
FullName:SanukTF-Bold
WritingScript:Roman
OutlineFileName:\SanukTF-Bold.otf
DataFormat:sfntData
UsesStandardEncoding:yes
isCFF:yes
FileLength:30452
FileModTime:1273273614
%EndFont

%BeginFont
Handler:DirectoryHandler
FontType:Type1
FontName:SanukTF-Light
FamilyName:SanukTF-Light
StyleName:Regular
MenuName:SanukTF-Light
StyleBits:0
WeightClass:500
WidthClass:5
AngleClass:0
FullName:SanukTF-Light
WritingScript:Roman
OutlineFileName:\SanukTF-Light.otf
DataFormat:sfntData
UsesStandardEncoding:yes
isCFF:yes
FileLength:29884
FileModTime:1273273590
%EndFont

%BeginFont
Handler:DirectoryHandler
FontType:Type1
FontName:SanukTF-Medium
FamilyName:SanukTF-Medium
StyleName:Regular
MenuName:SanukTF-Medium
StyleBits:0
WeightClass:500
WidthClass:5
AngleClass:0
FullName:SanukTF-Medium
WritingScript:Roman
OutlineFileName:\SanukTF-Medium.otf
DataFormat:sfntData
UsesStandardEncoding:yes
isCFF:yes
FileLength:30260
FileModTime:1273273680
%EndFont

%BeginFont
Handler:DirectoryHandler
FontType:Type1
FontName:SanukTF-Regular
FamilyName:SanukTF-Regular
StyleName:Regular
MenuName:SanukTF-Regular
StyleBits:0
WeightClass:500
WidthClass:5
AngleClass:0
FullName:SanukTF-Regular
WritingScript:Roman
OutlineFileName:\SanukTF-Regular.otf
DataFormat:sfntData
UsesStandardEncoding:yes
isCFF:yes
FileLength:29760
FileModTime:1273273638
%EndFont

%BeginFont
Handler:DirectoryHandler
FontType:Type1
FontName:SanukTF-Thin
FamilyName:SanukTF-Thin
StyleName:Regular
MenuName:SanukTF-Thin
StyleBits:0
WeightClass:500
WidthClass:5
AngleClass:0
FullName:SanukTF-Thin
WritingScript:Roman
OutlineFileName:\SanukTF-Thin.otf
DataFormat:sfntData
UsesStandardEncoding:yes
isCFF:yes
FileLength:29796
FileModTime:1273273638
%EndFont

%BeginFont
Handler:DirectoryHandler
FontType:Suitcase
FontName:TradeGothic-BoldOblique
OutlineFileName:\Trade Gothic
ResourceID:13168
MacStyle:0
FileLength:208225
FileModTime:1079704633
%EndFont

%BeginFont
Handler:DirectoryHandler
FontType:Suitcase
FontName:TradeGothic-LightOblique
OutlineFileName:\Trade Gothic
ResourceID:13172
MacStyle:0
FileLength:208225
FileModTime:1079704633
%EndFont

%BeginFont
Handler:DirectoryHandler
FontType:Suitcase
FontName:TradeGothic-BoldTwo
OutlineFileName:\Trade Gothic
ResourceID:13167
MacStyle:0
FileLength:208225
FileModTime:1079704633
%EndFont

%BeginFont
Handler:DirectoryHandler
FontType:Suitcase
FontName:TradeGothic-BoldTwoOblique
OutlineFileName:\Trade Gothic
ResourceID:13167
MacStyle:2
FileLength:208225
FileModTime:1079704633
%EndFont

%BeginFont
Handler:DirectoryHandler
FontType:Suitcase
FontName:TradeGothic-Bold
OutlineFileName:\Trade Gothic
ResourceID:13169
MacStyle:0
FileLength:208225
FileModTime:1079704633
%EndFont

%BeginFont
Handler:DirectoryHandler
FontType:Suitcase
FontName:TradeGothic-BoldOblique
OutlineFileName:\Trade Gothic
ResourceID:13169
MacStyle:2
FileLength:208225
FileModTime:1079704633
%EndFont

%BeginFont
Handler:DirectoryHandler
FontType:Suitcase
FontName:TradeGothic-Oblique
OutlineFileName:\Trade Gothic
ResourceID:13170
MacStyle:0
FileLength:208225
FileModTime:1079704633
%EndFont

%BeginFont
Handler:DirectoryHandler
FontType:Suitcase
FontName:TradeGothic-BoldTwoOblique
OutlineFileName:\Trade Gothic
ResourceID:13170
MacStyle:1
FileLength:208225
FileModTime:1079704633
%EndFont

%BeginFont
Handler:DirectoryHandler
FontType:Suitcase
FontName:TradeGothic
OutlineFileName:\Trade Gothic
ResourceID:13171
MacStyle:0
FileLength:208225
FileModTime:1079704633
%EndFont

%BeginFont
Handler:DirectoryHandler
FontType:Suitcase
FontName:TradeGothic-BoldTwo
OutlineFileName:\Trade Gothic
ResourceID:13171
MacStyle:1
FileLength:208225
FileModTime:1079704633
%EndFont

%BeginFont
Handler:DirectoryHandler
FontType:Suitcase
FontName:TradeGothic-Oblique
OutlineFileName:\Trade Gothic
ResourceID:13171
MacStyle:2
FileLength:208225
FileModTime:1079704633
%EndFont

%BeginFont
Handler:DirectoryHandler
FontType:Suitcase
FontName:TradeGothic-BoldTwoOblique
OutlineFileName:\Trade Gothic
ResourceID:13171
MacStyle:3
FileLength:208225
FileModTime:1079704633
%EndFont

%BeginFont
Handler:DirectoryHandler
FontType:Suitcase
FontName:TradeGothic-Light
OutlineFileName:\Trade Gothic
ResourceID:13173
MacStyle:0
FileLength:208225
FileModTime:1079704633
%EndFont

%BeginFont
Handler:DirectoryHandler
FontType:Suitcase
FontName:TradeGothic-LightOblique
OutlineFileName:\Trade Gothic
ResourceID:13173
MacStyle:2
FileLength:208225
FileModTime:1079704633
%EndFont

%BeginFont
Handler:DirectoryHandler
FontType:Suitcase
FontName:TradeGothic-BoldTwoOblique
OutlineFileName:\Trade Gothic
ResourceID:13166
MacStyle:0
FileLength:208225
FileModTime:1079704633
%EndFont

%BeginFont
Handler:DirectoryHandler
FontType:Suitcase
FontName:TradeGothic-CondEighteenObl
OutlineFileName:\Trade Gothic Condensed
ResourceID:13164
MacStyle:0
FileLength:96730
FileModTime:1079704633
%EndFont

%BeginFont
Handler:DirectoryHandler
FontType:Suitcase
FontName:TradeGothic-BoldCondTwentyObl
OutlineFileName:\Trade Gothic Condensed
ResourceID:13164
MacStyle:1
FileLength:96730
FileModTime:1079704633
%EndFont

%BeginFont
Handler:DirectoryHandler
FontType:Suitcase
FontName:TradeGothic-CondEighteen
OutlineFileName:\Trade Gothic Condensed
ResourceID:13165
MacStyle:0
FileLength:96730
FileModTime:1079704633
%EndFont

%BeginFont
Handler:DirectoryHandler
FontType:Suitcase
FontName:TradeGothic-BoldCondTwenty
OutlineFileName:\Trade Gothic Condensed
ResourceID:13165
MacStyle:1
FileLength:96730
FileModTime:1079704633
%EndFont

%BeginFont
Handler:DirectoryHandler
FontType:Suitcase
FontName:TradeGothic-CondEighteenObl
OutlineFileName:\Trade Gothic Condensed
ResourceID:13165
MacStyle:2
FileLength:96730
FileModTime:1079704633
%EndFont

%BeginFont
Handler:DirectoryHandler
FontType:Suitcase
FontName:TradeGothic-BoldCondTwentyObl
OutlineFileName:\Trade Gothic Condensed
ResourceID:13165
MacStyle:3
FileLength:96730
FileModTime:1079704633
%EndFont

%BeginFont
Handler:DirectoryHandler
FontType:Suitcase
FontName:TradeGothic-BoldCondTwentyObl
OutlineFileName:\Trade Gothic Condensed
ResourceID:13162
MacStyle:0
FileLength:96730
FileModTime:1079704633
%EndFont

%BeginFont
Handler:DirectoryHandler
FontType:Suitcase
FontName:TradeGothic-BoldCondTwenty
OutlineFileName:\Trade Gothic Condensed
ResourceID:13163
MacStyle:0
FileLength:96730
FileModTime:1079704633
%EndFont

%BeginFont
Handler:DirectoryHandler
FontType:Suitcase
FontName:TradeGothic-BoldCondTwentyObl
OutlineFileName:\Trade Gothic Condensed
ResourceID:13163
MacStyle:2
FileLength:96730
FileModTime:1079704633
%EndFont

%BeginFont
Handler:DirectoryHandler
FontType:Type1
FontName:TradeGothic-BoldCondTwenty
FamilyName:Trade Gothic
StyleName:Bold Condensed No. 20
MenuName:TradeGothic CondEighteen
StyleBits:2
WeightClass:700
WidthClass:3
AngleClass:0
FullName:Trade Gothic Bold Condensed No. 20
WritingScript:Roman
OutlineFileName:\TradeGotBolConTwe
DataFormat:POSTResource
UsesStandardEncoding:yes
isCFF:no
FileLength:30093
FileModTime:1079704633
DesignSize:-1
%EndFont

%BeginFont
Handler:DirectoryHandler
FontType:Type1
FontName:TradeGothic-BoldTwo
FamilyName:Trade Gothic
StyleName:Bold No. 2
MenuName:TradeGothic
StyleBits:2
WeightClass:700
WidthClass:5
AngleClass:0
FullName:Trade Gothic Bold No. 2
WritingScript:Roman
OutlineFileName:\TradeGotBolTwo
DataFormat:POSTResource
UsesStandardEncoding:yes
isCFF:no
FileLength:29296
FileModTime:1079704633
DesignSize:-1
%EndFont

